

================================================================
== Synthesis Summary Report of 'compute'
================================================================
+ General Information: 
    * Date:           Tue Mar 17 10:57:53 2026
    * Version:        2024.1 (Build 5069499 on May 21 2024)
    * Project:        compute
    * Solution:       hls (Vivado IP Flow Target)
    * Product family: virtexuplus
    * Target device:  xcvu13p-fsga2577-2-e
    

+ Performance & Resource Estimates: 
    
    PS: '+' for module; 'o' for loop; '*' for dataflow
    +-----------------------+------+-------+---------+-----------+----------+---------+------+----------+---------+----+-----------+-----------+-----+
    |        Modules        | Issue|       | Latency |  Latency  | Iteration|         | Trip |          |         |    |           |           |     |
    |        & Loops        | Type | Slack | (cycles)|    (ns)   |  Latency | Interval| Count| Pipelined|  BRAM   | DSP|     FF    |    LUT    | URAM|
    +-----------------------+------+-------+---------+-----------+----------+---------+------+----------+---------+----+-----------+-----------+-----+
    |+ compute              |     -|  15.20|     1547|  3.868e+04|         -|     1548|     -|        no|  2 (~0%)|   -|  100 (~0%)|  530 (~0%)|    -|
    | + compute_Pipeline_A  |     -|  15.20|      514|  1.285e+04|         -|      514|     -|        no|        -|   -|   23 (~0%)|   88 (~0%)|    -|
    |  o A                  |     -|  18.25|      512|  1.280e+04|         2|        1|   512|       yes|        -|   -|          -|          -|    -|
    | + compute_Pipeline_B  |     -|  15.20|      514|  1.285e+04|         -|      514|     -|        no|        -|   -|   22 (~0%)|   88 (~0%)|    -|
    |  o B                  |     -|  18.25|      512|  1.280e+04|         2|        1|   512|       yes|        -|   -|          -|          -|    -|
    | + compute_Pipeline_C  |     -|  15.91|      514|  1.285e+04|         -|      514|     -|        no|        -|   -|   22 (~0%)|   73 (~0%)|    -|
    |  o C                  |     -|  18.25|      512|  1.280e+04|         2|        1|   512|       yes|        -|   -|          -|          -|    -|
    | + compute_Pipeline_D  |     -|  15.20|      514|  1.285e+04|         -|      514|     -|        no|        -|   -|   23 (~0%)|   88 (~0%)|    -|
    |  o D                  |     -|  18.25|      512|  1.280e+04|         2|        1|   512|       yes|        -|   -|          -|          -|    -|
    +-----------------------+------+-------+---------+-----------+----------+---------+------+----------+---------+----+-----------+-----------+-----+


================================================================
== HW Interfaces
================================================================
* AP_MEMORY
+----------------+-----------+----------+
| Port           | Direction | Bitwidth |
+----------------+-----------+----------+
| Out_r_address0 | out       | 9        |
| Out_r_d0       | out       | 8        |
| in_r_address0  | out       | 9        |
| in_r_q0        | in        | 8        |
+----------------+-----------+----------+

* TOP LEVEL CONTROL
+-----------+------------+-----------------------------------+
| Interface | Type       | Ports                             |
+-----------+------------+-----------------------------------+
| ap_clk    | clock      | ap_clk                            |
| ap_rst    | reset      | ap_rst                            |
| ap_ctrl   | ap_ctrl_hs | ap_done ap_idle ap_ready ap_start |
+-----------+------------+-----------------------------------+


================================================================
== SW I/O Information
================================================================
* Top Function Arguments
+----------+-----------+----------------+
| Argument | Direction | Datatype       |
+----------+-----------+----------------+
| in       | in        | unsigned char* |
| Out      | out       | unsigned char* |
+----------+-----------+----------------+

* SW-to-HW Mapping
+----------+----------------+---------+----------+
| Argument | HW Interface   | HW Type | HW Usage |
+----------+----------------+---------+----------+
| in       | in_r_address0  | port    | offset   |
| in       | in_r_ce0       | port    |          |
| in       | in_r_q0        | port    |          |
| Out      | Out_r_address0 | port    | offset   |
| Out      | Out_r_ce0      | port    |          |
| Out      | Out_r_we0      | port    |          |
| Out      | Out_r_d0       | port    |          |
+----------+----------------+---------+----------+


================================================================
== Bind Op Report
================================================================
+-----------------------+-----+--------+-----------+-------+--------+---------+
| Name                  | DSP | Pragma | Variable  | Op    | Impl   | Latency |
+-----------------------+-----+--------+-----------+-------+--------+---------+
| + compute             | 0   |        |           |       |        |         |
|  + compute_Pipeline_A | 0   |        |           |       |        |         |
|    icmp_ln6_fu_89_p2  |     |        | icmp_ln6  | seteq | auto   | 0       |
|    add_ln6_fu_95_p2   |     |        | add_ln6   | add   | fabric | 0       |
|    sub_ln7_fu_117_p2  |     |        | sub_ln7   | sub   | fabric | 0       |
|  + compute_Pipeline_B | 0   |        |           |       |        |         |
|    icmp_ln10_fu_59_p2 |     |        | icmp_ln10 | seteq | auto   | 0       |
|    add_ln10_fu_65_p2  |     |        | add_ln10  | add   | fabric | 0       |
|    add_ln11_fu_81_p2  |     |        | add_ln11  | add   | fabric | 0       |
|  + compute_Pipeline_C | 0   |        |           |       |        |         |
|    icmp_ln13_fu_59_p2 |     |        | icmp_ln13 | seteq | auto   | 0       |
|    add_ln13_fu_65_p2  |     |        | add_ln13  | add   | fabric | 0       |
|  + compute_Pipeline_D | 0   |        |           |       |        |         |
|    icmp_ln16_fu_91_p2 |     |        | icmp_ln16 | seteq | auto   | 0       |
|    add_ln16_fu_97_p2  |     |        | add_ln16  | add   | fabric | 0       |
|    add_ln17_fu_122_p2 |     |        | add_ln17  | add   | fabric | 0       |
+-----------------------+-----+--------+-----------+-------+--------+---------+


================================================================
== Storage Report
================================================================
+-----------+---------------+------+------+------+--------+----------+------+---------+------------------+
| Name      | Usage         | Type | BRAM | URAM | Pragma | Variable | Impl | Latency | Bitwidth, Depth, |
|           |               |      |      |      |        |          |      |         | Banks            |
+-----------+---------------+------+------+------+--------+----------+------+---------+------------------+
| + compute |               |      | 2    | 0    |        |          |      |         |                  |
|   tmp1_U  | ram_s2p array |      | 1    |      |        | tmp1     | auto | 1       | 8, 512, 1        |
|   tmp2_U  | ram_s2p array |      | 1    |      |        | tmp2     | auto | 1       | 7, 512, 1        |
+-----------+---------------+------+------+------+--------+----------+------+---------+------------------+


================================================================
== Pragma Report
================================================================
  No pragmas found

