

================================================================
== Vivado HLS Report for 'matrix_mult'
================================================================
* Date:           Mon Mar  2 17:41:15 2026

* Version:        2020.1 (Build 2897737 on Wed May 27 20:21:37 MDT 2020)
* Project:        proj_matrix_mult
* Solution:       solution1
* Product family: virtexuplus
* Target device:  xcvu9p-flga2104-1-i


================================================================
== Performance Estimates
================================================================
+ Timing: 
    * Summary: 
    +--------+----------+----------+------------+
    |  Clock |  Target  | Estimated| Uncertainty|
    +--------+----------+----------+------------+
    |ap_clk  | 25.00 ns | 6.339 ns |   3.12 ns  |
    +--------+----------+----------+------------+

+ Latency: 
    * Summary: 
    +---------+---------+-----------+-----------+------+------+---------+
    |  Latency (cycles) |   Latency (absolute)  |   Interval  | Pipeline|
    |   min   |   max   |    min    |    max    |  min |  max |   Type  |
    +---------+---------+-----------+-----------+------+------+---------+
    |     2221|     2221| 55.525 us | 55.525 us |  2221|  2221|   none  |
    +---------+---------+-----------+-----------+------+------+---------+

    + Detail: 
        * Instance: 
        N/A

        * Loop: 
        +-----------------+---------+---------+----------+-----------+-----------+------+----------+
        |                 |  Latency (cycles) | Iteration|  Initiation Interval  | Trip |          |
        |    Loop Name    |   min   |   max   |  Latency |  achieved |   target  | Count| Pipelined|
        +-----------------+---------+---------+----------+-----------+-----------+------+----------+
        |- Loop 1         |     2220|     2220|       222|          -|          -|    10|    no    |
        | + Loop 1.1      |      220|      220|        22|          -|          -|    10|    no    |
        |  ++ Loop 1.1.1  |       20|       20|         2|          -|          -|    10|    no    |
        +-----------------+---------+---------+----------+-----------+-----------+------+----------+



================================================================
== Utilization Estimates
================================================================
* Summary: 
+---------------------+---------+-------+---------+---------+-----+
|         Name        | BRAM_18K| DSP48E|    FF   |   LUT   | URAM|
+---------------------+---------+-------+---------+---------+-----+
|DSP                  |        -|      -|        -|        -|    -|
|Expression           |        -|      3|        0|      205|    -|
|FIFO                 |        -|      -|        -|        -|    -|
|Instance             |        -|      -|        -|        -|    -|
|Memory               |        -|      -|        -|        -|    -|
|Multiplexer          |        -|      -|        -|       69|    -|
|Register             |        -|      -|       79|        -|    -|
+---------------------+---------+-------+---------+---------+-----+
|Total                |        0|      3|       79|      274|    0|
+---------------------+---------+-------+---------+---------+-----+
|Available SLR        |     1440|   2280|   788160|   394080|  320|
+---------------------+---------+-------+---------+---------+-----+
|Utilization SLR (%)  |        0|   ~0  |    ~0   |    ~0   |    0|
+---------------------+---------+-------+---------+---------+-----+
|Available            |     4320|   6840|  2364480|  1182240|  960|
+---------------------+---------+-------+---------+---------+-----+
|Utilization (%)      |        0|   ~0  |    ~0   |    ~0   |    0|
+---------------------+---------+-------+---------+---------+-----+

+ Detail: 
    * Instance: 
    N/A

    * DSP48E: 
    N/A

    * Memory: 
    N/A

    * FIFO: 
    N/A

    * Expression: 
    +----------------------+----------+-------+---+----+------------+------------+
    |     Variable Name    | Operation| DSP48E| FF| LUT| Bitwidth P0| Bitwidth P1|
    +----------------------+----------+-------+---+----+------------+------------+
    |mul_ln11_fu_252_p2    |     *    |      3|  0|  20|          32|          32|
    |add_ln11_1_fu_142_p2  |     +    |      0|  0|  15|           8|           8|
    |add_ln11_2_fu_190_p2  |     +    |      0|  0|  15|           8|           8|
    |add_ln11_3_fu_224_p2  |     +    |      0|  0|  19|           8|           8|
    |add_ln11_4_fu_230_p2  |     +    |      0|  0|  19|           8|           8|
    |add_ln11_fu_258_p2    |     +    |      0|  0|  39|          32|          32|
    |add_ln9_fu_164_p2     |     +    |      0|  0|  15|           8|           8|
    |i_fu_154_p2           |     +    |      0|  0|  12|           4|           1|
    |j_fu_180_p2           |     +    |      0|  0|  12|           4|           1|
    |k_fu_246_p2           |     +    |      0|  0|  12|           4|           1|
    |icmp_ln10_fu_240_p2   |   icmp   |      0|  0|   9|           4|           4|
    |icmp_ln5_fu_148_p2    |   icmp   |      0|  0|   9|           4|           4|
    |icmp_ln6_fu_174_p2    |   icmp   |      0|  0|   9|           4|           4|
    +----------------------+----------+-------+---+----+------------+------------+
    |Total                 |          |      3|  0| 205|         128|         119|
    +----------------------+----------+-------+---+----+------------+------------+

    * Multiplexer: 
    +---------------+----+-----------+-----+-----------+
    |      Name     | LUT| Input Size| Bits| Total Bits|
    +---------------+----+-----------+-----+-----------+
    |C_load_reg_94  |   9|          2|   32|         64|
    |ap_NS_fsm      |  33|          6|    1|          6|
    |i_0_reg_72     |   9|          2|    4|          8|
    |j_0_reg_83     |   9|          2|    4|          8|
    |k_0_reg_107    |   9|          2|    4|          8|
    +---------------+----+-----------+-----+-----------+
    |Total          |  69|         14|   45|         94|
    +---------------+----+-----------+-----+-----------+

    * Register: 
    +--------------------+----+----+-----+-----------+
    |        Name        | FF | LUT| Bits| Const Bits|
    +--------------------+----+----+-----+-----------+
    |C_addr_reg_283      |   7|   0|    7|          0|
    |C_load_reg_94       |  32|   0|   32|          0|
    |add_ln11_1_reg_264  |   7|   0|    8|          1|
    |ap_CS_fsm           |   5|   0|    5|          0|
    |i_0_reg_72          |   4|   0|    4|          0|
    |i_reg_273           |   4|   0|    4|          0|
    |j_0_reg_83          |   4|   0|    4|          0|
    |j_reg_291           |   4|   0|    4|          0|
    |k_0_reg_107         |   4|   0|    4|          0|
    |k_reg_309           |   4|   0|    4|          0|
    |zext_ln9_reg_278    |   4|   0|    8|          4|
    +--------------------+----+----+-----+-----------+
    |Total               |  79|   0|   84|          5|
    +--------------------+----+----+-----+-----------+



================================================================
== Interface
================================================================
* Summary: 
+------------+-----+-----+------------+--------------+--------------+
|  RTL Ports | Dir | Bits|  Protocol  | Source Object|    C Type    |
+------------+-----+-----+------------+--------------+--------------+
|ap_clk      |  in |    1| ap_ctrl_hs |  matrix_mult | return value |
|ap_rst      |  in |    1| ap_ctrl_hs |  matrix_mult | return value |
|ap_start    |  in |    1| ap_ctrl_hs |  matrix_mult | return value |
|ap_done     | out |    1| ap_ctrl_hs |  matrix_mult | return value |
|ap_idle     | out |    1| ap_ctrl_hs |  matrix_mult | return value |
|ap_ready    | out |    1| ap_ctrl_hs |  matrix_mult | return value |
|A_address0  | out |    7|  ap_memory |       A      |     array    |
|A_ce0       | out |    1|  ap_memory |       A      |     array    |
|A_q0        |  in |   32|  ap_memory |       A      |     array    |
|B_address0  | out |    7|  ap_memory |       B      |     array    |
|B_ce0       | out |    1|  ap_memory |       B      |     array    |
|B_q0        |  in |   32|  ap_memory |       B      |     array    |
|C_address0  | out |    7|  ap_memory |       C      |     array    |
|C_ce0       | out |    1|  ap_memory |       C      |     array    |
|C_we0       | out |    1|  ap_memory |       C      |     array    |
|C_d0        | out |   32|  ap_memory |       C      |     array    |
+------------+-----+-----+------------+--------------+--------------+

