

================================================================
== Vivado HLS Report for 'matrix_add'
================================================================
* Date:           Mon Mar  2 17:22:55 2026

* Version:        2020.1 (Build 2897737 on Wed May 27 20:21:37 MDT 2020)
* Project:        proj_matrix_add
* Solution:       solution1
* Product family: virtexuplus
* Target device:  xcvu9p-flga2104-1-i


================================================================
== Performance Estimates
================================================================
+ Timing: 
    * Summary: 
    +--------+----------+----------+------------+
    |  Clock |  Target  | Estimated| Uncertainty|
    +--------+----------+----------+------------+
    |ap_clk  | 25.00 ns | 3.736 ns |   3.12 ns  |
    +--------+----------+----------+------------+

+ Latency: 
    * Summary: 
    +---------+---------+----------+----------+-----+-----+---------+
    |  Latency (cycles) |  Latency (absolute) |  Interval | Pipeline|
    |   min   |   max   |    min   |    max   | min | max |   Type  |
    +---------+---------+----------+----------+-----+-----+---------+
    |      221|      221| 5.525 us | 5.525 us |  221|  221|   none  |
    +---------+---------+----------+----------+-----+-----+---------+

    + Detail: 
        * Instance: 
        N/A

        * Loop: 
        +-------------+---------+---------+----------+-----------+-----------+------+----------+
        |             |  Latency (cycles) | Iteration|  Initiation Interval  | Trip |          |
        |  Loop Name  |   min   |   max   |  Latency |  achieved |   target  | Count| Pipelined|
        +-------------+---------+---------+----------+-----------+-----------+------+----------+
        |- Loop 1     |      220|      220|        22|          -|          -|    10|    no    |
        | + Loop 1.1  |       20|       20|         2|          -|          -|    10|    no    |
        +-------------+---------+---------+----------+-----------+-----------+------+----------+



================================================================
== Utilization Estimates
================================================================
* Summary: 
+---------------------+---------+-------+---------+---------+-----+
|         Name        | BRAM_18K| DSP48E|    FF   |   LUT   | URAM|
+---------------------+---------+-------+---------+---------+-----+
|DSP                  |        -|      -|        -|        -|    -|
|Expression           |        -|      -|        0|      111|    -|
|FIFO                 |        -|      -|        -|        -|    -|
|Instance             |        -|      -|        -|        -|    -|
|Memory               |        -|      -|        -|        -|    -|
|Multiplexer          |        -|      -|        -|       45|    -|
|Register             |        -|      -|       35|        -|    -|
+---------------------+---------+-------+---------+---------+-----+
|Total                |        0|      0|       35|      156|    0|
+---------------------+---------+-------+---------+---------+-----+
|Available SLR        |     1440|   2280|   788160|   394080|  320|
+---------------------+---------+-------+---------+---------+-----+
|Utilization SLR (%)  |        0|      0|    ~0   |    ~0   |    0|
+---------------------+---------+-------+---------+---------+-----+
|Available            |     4320|   6840|  2364480|  1182240|  960|
+---------------------+---------+-------+---------+---------+-----+
|Utilization (%)      |        0|      0|    ~0   |    ~0   |    0|
+---------------------+---------+-------+---------+---------+-----+

+ Detail: 
    * Instance: 
    N/A

    * DSP48E: 
    N/A

    * Memory: 
    N/A

    * FIFO: 
    N/A

    * Expression: 
    +---------------------+----------+-------+---+----+------------+------------+
    |    Variable Name    | Operation| DSP48E| FF| LUT| Bitwidth P0| Bitwidth P1|
    +---------------------+----------+-------+---+----+------------+------------+
    |C_d0                 |     +    |      0|  0|  39|          32|          32|
    |add_ln8_1_fu_129_p2  |     +    |      0|  0|  15|           8|           8|
    |add_ln8_2_fu_151_p2  |     +    |      0|  0|  15|           8|           8|
    |i_fu_99_p2           |     +    |      0|  0|  12|           4|           1|
    |j_fu_141_p2          |     +    |      0|  0|  12|           4|           1|
    |icmp_ln6_fu_93_p2    |   icmp   |      0|  0|   9|           4|           4|
    |icmp_ln7_fu_135_p2   |   icmp   |      0|  0|   9|           4|           4|
    +---------------------+----------+-------+---+----+------------+------------+
    |Total                |          |      0|  0| 111|          64|          58|
    +---------------------+----------+-------+---+----+------------+------------+

    * Multiplexer: 
    +------------+----+-----------+-----+-----------+
    |    Name    | LUT| Input Size| Bits| Total Bits|
    +------------+----+-----------+-----+-----------+
    |ap_NS_fsm   |  27|          5|    1|          5|
    |i_0_reg_71  |   9|          2|    4|          8|
    |j_0_reg_82  |   9|          2|    4|          8|
    +------------+----+-----------+-----+-----------+
    |Total       |  45|          9|    9|         21|
    +------------+----+-----------+-----+-----------+

    * Register: 
    +--------------------+---+----+-----+-----------+
    |        Name        | FF| LUT| Bits| Const Bits|
    +--------------------+---+----+-----+-----------+
    |add_ln8_1_reg_177   |  7|   0|    8|          1|
    |ap_CS_fsm           |  4|   0|    4|          0|
    |i_0_reg_71          |  4|   0|    4|          0|
    |i_reg_172           |  4|   0|    4|          0|
    |j_0_reg_82          |  4|   0|    4|          0|
    |j_reg_185           |  4|   0|    4|          0|
    |zext_ln8_3_reg_190  |  8|   0|   64|         56|
    +--------------------+---+----+-----+-----------+
    |Total               | 35|   0|   92|         57|
    +--------------------+---+----+-----+-----------+



================================================================
== Interface
================================================================
* Summary: 
+------------+-----+-----+------------+--------------+--------------+
|  RTL Ports | Dir | Bits|  Protocol  | Source Object|    C Type    |
+------------+-----+-----+------------+--------------+--------------+
|ap_clk      |  in |    1| ap_ctrl_hs |  matrix_add  | return value |
|ap_rst      |  in |    1| ap_ctrl_hs |  matrix_add  | return value |
|ap_start    |  in |    1| ap_ctrl_hs |  matrix_add  | return value |
|ap_done     | out |    1| ap_ctrl_hs |  matrix_add  | return value |
|ap_idle     | out |    1| ap_ctrl_hs |  matrix_add  | return value |
|ap_ready    | out |    1| ap_ctrl_hs |  matrix_add  | return value |
|A_address0  | out |    7|  ap_memory |       A      |     array    |
|A_ce0       | out |    1|  ap_memory |       A      |     array    |
|A_q0        |  in |   32|  ap_memory |       A      |     array    |
|B_address0  | out |    7|  ap_memory |       B      |     array    |
|B_ce0       | out |    1|  ap_memory |       B      |     array    |
|B_q0        |  in |   32|  ap_memory |       B      |     array    |
|C_address0  | out |    7|  ap_memory |       C      |     array    |
|C_ce0       | out |    1|  ap_memory |       C      |     array    |
|C_we0       | out |    1|  ap_memory |       C      |     array    |
|C_d0        | out |   32|  ap_memory |       C      |     array    |
+------------+-----+-----+------------+--------------+--------------+

